<?xml version="1.0" encoding="UTF-8"?>
<testsuites name="jest tests" tests="4" failures="0" errors="0" time="2.94">
  <testsuite name="undefined" errors="0" failures="0" skipped="0" timestamp="2021-10-19T10:59:41" time="1.701" tests="4">
    <testcase classname=" document should contain Online Car Rental Service" name=" document should contain Online Car Rental Service" time="0.038">
    </testcase>
    <testcase classname=" should contain And over ange over port" name=" should contain And over ange over port" time="0.108">
    </testcase>
    <testcase classname=" should cal valid rent amount-payable" name=" should cal valid rent amount-payable" time="0.031">
    </testcase>
    <testcase classname=" should create a rental booking" name=" should create a rental booking" time="0.025">
    </testcase>
  </testsuite>
</testsuites>